============================= test session starts =============================
platform win32 -- Python 3.14.3, pytest-9.0.2, pluggy-1.6.0 -- C:\Users\rahul\Desktop\Ai system labs\Intelligent Compliance Mapper\compliance-mapper\.venv\Scripts\python.exe
cachedir: .pytest_cache
rootdir: C:\Users\rahul\Desktop\Ai system labs\Intelligent Compliance Mapper\compliance-mapper
configfile: pyproject.toml
plugins: cov-7.0.0
collecting ... collected 19 items

tests/test_job_queue.py::TestEnqueue::test_enqueue_returns_valid_uuid PASSED [  5%]
tests/test_job_queue.py::TestDequeue::test_dequeue_fifo_order PASSED     [ 10%]
tests/test_job_queue.py::TestDequeue::test_dequeue_empty_returns_none PASSED [ 15%]
tests/test_job_queue.py::TestGetStatus::test_status_after_enqueue PASSED [ 21%]
tests/test_job_queue.py::TestGetStatus::test_status_unknown_job_returns_none PASSED [ 26%]
tests/test_job_queue.py::TestUpdateStatus::test_update_status_changes_correctly PASSED [ 31%]
tests/test_job_queue.py::TestUpdateStatus::test_update_status_records_error PASSED [ 36%]
tests/test_job_queue.py::TestClear::test_clear_empties_queue PASSED      [ 42%]
tests/test_job_queue.py::TestGetAllJobs::test_get_all_jobs_returns_all PASSED [ 47%]
tests/test_batch_processor.py::TestProcessJob::test_process_job_returns_path PASSED [ 52%]
tests/test_batch_processor.py::TestProcessJob::test_job_status_completed_on_success PASSED [ 57%]
tests/test_batch_processor.py::TestProcessJob::test_job_status_failed_on_exception PASSED [ 63%]
tests/test_batch_processor.py::TestProcessAll::test_continues_after_failure PASSED [ 68%]
tests/test_batch_processor.py::TestProcessBatch::test_process_batch_returns_all PASSED [ 73%]
tests/test_batch_processor.py::TestPathTraversal::test_traversal_raises_security_error PASSED [ 78%]
tests/test_scheduler.py::TestScheduleOnce::test_returns_valid_job_id PASSED [ 84%]
tests/test_scheduler.py::TestGetNextRunTime::test_returns_future_datetime PASSED [ 89%]
tests/test_scheduler.py::TestGetScheduleSummary::test_summary_contains_required_keys PASSED [ 94%]
tests/test_scheduler.py::TestDisabledConfig::test_disabled_reflected_in_summary PASSED [100%]

============================= 19 passed in 0.37s ==============================
